// Jest Snapshot v1, https://goo.gl/fbAQLP

exports[`renders correctly 1`] = `
<footer
  className="footer"
>
  <p>
    <span
      className="copyright"
    />
     -
     
    <a
      className="privacy"
    />
     
    -
     
    <a
      className="contactus"
    />
  </p>
  <address>
    <br />
  </address>
  <p
    className="laws"
  />
</footer>
`;
