// Jest Snapshot v1, https://goo.gl/fbAQLP

exports[`renders correctly 1`] = `
<footer
  className="footer tc pa2"
>
  <p>
    <span
      className="copyright"
    />
     -
     
    <a
      className="privacy"
    />
     
    -
     
    <a
      className="f5 mt2"
    />
  </p>
  <address>
    <br />
  </address>
  <p
    className="center fw3 w-80 w-60-ns mt1 mt2-ns lh-title f7 dn db-ns"
  />
</footer>
`;
