// Jest Snapshot v1, https://goo.gl/fbAQLP

exports[`renders correctly 1`] = `
<footer
  className="footer"
>
  <p>
    <span
      className="copyright"
    >
      Copyright © 2020
    </span>
     -
     
    <a
      className="privacy"
      href="http://www.pungilandia.com"
    >
      privacy
    </a>
     
    -
     
    <a
      className="contactus"
      href="mailto:info@pungilandia.com"
    >
      contatti
    </a>
  </p>
  <address>
    Azienda Agricola Pungilandia Rocchi Domenico
    <br />
    Via Isonzo 11, 65123 Pescara P.IVA 01203140684 CF RCCDNC59R30I712B
Iscrizione REA Pescara Nr.97422
  </address>
  <p
    className="laws"
  >
    Azienda in possesso Registro di Detenzione di Specie Vegetali Incluse
Negli Allegati CITES A e B del Regolamento (CE) 338/97 del Consiglio del 9
Dicembre 1996 e Successive Modifiche e Attuazioni. Registro N.000001/2001
VAB
  </p>
</footer>
`;
