// Jest Snapshot v1, https://goo.gl/fbAQLP

exports[`renders correctly 1`] = `
<main
  className="plpContent"
  role="main"
>
  <div
    className="pageHeader"
  >
    <div
      className="left"
    >
      <h2
        className="title"
      >
        Le nostre piante
      </h2>
      <span
        className="lastmodified"
      >
        02/04/2020
      </span>
    </div>
    <div
      className="cercapiante"
    >
      <a
        href="/search"
      >
        <img />
        <span />
      </a>
    </div>
  </div>
  <div
    className="products"
  >
    <article
      className="product"
    >
      <a
        className="imageContainer"
        href="/item"
      >
        <img
          className="image"
        />
        <h1
          className="name"
        />
        <div />
      </a>
      <button
        className="addToCart"
      />
    </article>
    <article
      className="product"
    >
      <a
        className="imageContainer"
        href="/item"
      >
        <img
          className="image"
        />
        <h1
          className="name"
        />
        <div />
      </a>
      <button
        className="addToCart"
      />
    </article>
    <article
      className="product"
    >
      <a
        className="imageContainer"
        href="/item"
      >
        <img
          className="image"
        />
        <h1
          className="name"
        />
        <div />
      </a>
      <button
        className="addToCart"
      />
    </article>
    <article
      className="product"
    >
      <a
        className="imageContainer"
        href="/item"
      >
        <img
          className="image"
        />
        <h1
          className="name"
        />
        <div />
      </a>
      <button
        className="addToCart"
      />
    </article>
    <article
      className="product"
    >
      <a
        className="imageContainer"
        href="/item"
      >
        <img
          className="image"
        />
        <h1
          className="name"
        />
        <div />
      </a>
      <button
        className="addToCart"
      />
    </article>
    <article
      className="product"
    >
      <a
        className="imageContainer"
        href="/item"
      >
        <img
          className="image"
        />
        <h1
          className="name"
        />
        <div />
      </a>
      <button
        className="addToCart"
      />
    </article>
    <article
      className="product"
    >
      <a
        className="imageContainer"
        href="/item"
      >
        <img
          className="image"
        />
        <h1
          className="name"
        />
        <div />
      </a>
      <button
        className="addToCart"
      />
    </article>
    <article
      className="product"
    >
      <a
        className="imageContainer"
        href="/item"
      >
        <img
          className="image"
        />
        <h1
          className="name"
        />
        <div />
      </a>
      <button
        className="addToCart"
      />
    </article>
    <article
      className="product"
    >
      <a
        className="imageContainer"
        href="/item"
      >
        <img
          className="image"
        />
        <h1
          className="name"
        />
        <div />
      </a>
      <button
        className="addToCart"
      />
    </article>
    <article
      className="product"
    >
      <a
        className="imageContainer"
        href="/item"
      >
        <img
          className="image"
        />
        <h1
          className="name"
        />
        <div />
      </a>
      <button
        className="addToCart"
      />
    </article>
    <article
      className="product"
    >
      <a
        className="imageContainer"
        href="/item"
      >
        <img
          className="image"
        />
        <h1
          className="name"
        />
        <div />
      </a>
      <button
        className="addToCart"
      />
    </article>
    <article
      className="product"
    >
      <a
        className="imageContainer"
        href="/item"
      >
        <img
          className="image"
        />
        <h1
          className="name"
        />
        <div />
      </a>
      <button
        className="addToCart"
      />
    </article>
  </div>
</main>
`;
