// Jest Snapshot v1, https://goo.gl/fbAQLP

exports[`renders correctly 1`] = `
<main
  className="plpContent"
  role="main"
>
  <div
    className="pageHeader"
  >
    <div
      className="left"
    >
      <h2
        className="left"
      >
        Le nostre piante
      </h2>
      <span
        className="lastmodified"
      >
        02/04/2020
      </span>
    </div>
    <div
      className="cercapiante"
    >
      <a
        href="/search"
        title="cerca piante"
      >
        <img
          alt="cerca piante"
          src="http://www.pungilandia.com/php/images/lo/cotyl_mediop.jpg"
        />
        <span>
          il cerca piante
        </span>
      </a>
    </div>
  </div>
  <div
    className="products"
  >
    <article
      className="product"
    >
      <a
        className="imageContainer"
        href="/item"
      >
        <img
          alt="Adromischus  clavifolius"
          className="image"
          src="http://www.pungilandia.com/php/images/hi/adromischus-clavifolius.jpg"
        />
        <h1
          className="name"
        >
          Adromischus clavifolius Ų 24
        </h1>
        <div>
          € 9,00
        </div>
      </a>
      <button
        className="addToCart"
      >
        Aggiungi al carrello
      </button>
    </article>
    <article
      className="product"
    >
      <a
        className="imageContainer"
        href="/item"
      >
        <img
          alt="Adromischus  clavifolius"
          className="image"
          src="http://www.pungilandia.com/php/images/hi/adromischus-clavifolius.jpg"
        />
        <h1
          className="name"
        >
          Adromischus clavifolius Ų 24
        </h1>
        <div>
          € 9,00
        </div>
      </a>
      <button
        className="addToCart"
      >
        Aggiungi al carrello
      </button>
    </article>
    <article
      className="product"
    >
      <a
        className="imageContainer"
        href="/item"
      >
        <img
          alt="Adromischus  clavifolius"
          className="image"
          src="http://www.pungilandia.com/php/images/hi/adromischus-clavifolius.jpg"
        />
        <h1
          className="name"
        >
          Adromischus clavifolius Ų 24
        </h1>
        <div>
          € 9,00
        </div>
      </a>
      <button
        className="addToCart"
      >
        Aggiungi al carrello
      </button>
    </article>
    <article
      className="product"
    >
      <a
        className="imageContainer"
        href="/item"
      >
        <img
          alt="Adromischus  clavifolius"
          className="image"
          src="http://www.pungilandia.com/php/images/hi/adromischus-clavifolius.jpg"
        />
        <h1
          className="name"
        >
          Adromischus clavifolius Ų 24
        </h1>
        <div>
          € 9,00
        </div>
      </a>
      <button
        className="addToCart"
      >
        Aggiungi al carrello
      </button>
    </article>
    <article
      className="product"
    >
      <a
        className="imageContainer"
        href="/item"
      >
        <img
          alt="Adromischus  clavifolius"
          className="image"
          src="http://www.pungilandia.com/php/images/hi/adromischus-clavifolius.jpg"
        />
        <h1
          className="name"
        >
          Adromischus clavifolius Ų 24
        </h1>
        <div>
          € 9,00
        </div>
      </a>
      <button
        className="addToCart"
      >
        Aggiungi al carrello
      </button>
    </article>
    <article
      className="product"
    >
      <a
        className="imageContainer"
        href="/item"
      >
        <img
          alt="Adromischus  clavifolius"
          className="image"
          src="http://www.pungilandia.com/php/images/hi/adromischus-clavifolius.jpg"
        />
        <h1
          className="name"
        >
          Adromischus clavifolius Ų 24
        </h1>
        <div>
          € 9,00
        </div>
      </a>
      <button
        className="addToCart"
      >
        Aggiungi al carrello
      </button>
    </article>
    <article
      className="product"
    >
      <a
        className="imageContainer"
        href="/item"
      >
        <img
          alt="Adromischus  clavifolius"
          className="image"
          src="http://www.pungilandia.com/php/images/hi/adromischus-clavifolius.jpg"
        />
        <h1
          className="name"
        >
          Adromischus clavifolius Ų 24
        </h1>
        <div>
          € 9,00
        </div>
      </a>
      <button
        className="addToCart"
      >
        Aggiungi al carrello
      </button>
    </article>
    <article
      className="product"
    >
      <a
        className="imageContainer"
        href="/item"
      >
        <img
          alt="Adromischus  clavifolius"
          className="image"
          src="http://www.pungilandia.com/php/images/hi/adromischus-clavifolius.jpg"
        />
        <h1
          className="name"
        >
          Adromischus clavifolius Ų 24
        </h1>
        <div>
          € 9,00
        </div>
      </a>
      <button
        className="addToCart"
      >
        Aggiungi al carrello
      </button>
    </article>
    <article
      className="product"
    >
      <a
        className="imageContainer"
        href="/item"
      >
        <img
          alt="Adromischus  clavifolius"
          className="image"
          src="http://www.pungilandia.com/php/images/hi/adromischus-clavifolius.jpg"
        />
        <h1
          className="name"
        >
          Adromischus clavifolius Ų 24
        </h1>
        <div>
          € 9,00
        </div>
      </a>
      <button
        className="addToCart"
      >
        Aggiungi al carrello
      </button>
    </article>
    <article
      className="product"
    >
      <a
        className="imageContainer"
        href="/item"
      >
        <img
          alt="Adromischus  clavifolius"
          className="image"
          src="http://www.pungilandia.com/php/images/hi/adromischus-clavifolius.jpg"
        />
        <h1
          className="name"
        >
          Adromischus clavifolius Ų 24
        </h1>
        <div>
          € 9,00
        </div>
      </a>
      <button
        className="addToCart"
      >
        Aggiungi al carrello
      </button>
    </article>
    <article
      className="product"
    >
      <a
        className="imageContainer"
        href="/item"
      >
        <img
          alt="Adromischus  clavifolius"
          className="image"
          src="http://www.pungilandia.com/php/images/hi/adromischus-clavifolius.jpg"
        />
        <h1
          className="name"
        >
          Adromischus clavifolius Ų 24
        </h1>
        <div>
          € 9,00
        </div>
      </a>
      <button
        className="addToCart"
      >
        Aggiungi al carrello
      </button>
    </article>
    <article
      className="product"
    >
      <a
        className="imageContainer"
        href="/item"
      >
        <img
          alt="Adromischus  clavifolius"
          className="image"
          src="http://www.pungilandia.com/php/images/hi/adromischus-clavifolius.jpg"
        />
        <h1
          className="name"
        >
          Adromischus clavifolius Ų 24
        </h1>
        <div>
          € 9,00
        </div>
      </a>
      <button
        className="addToCart"
      >
        Aggiungi al carrello
      </button>
    </article>
  </div>
</main>
`;
