// Jest Snapshot v1, https://goo.gl/fbAQLP

exports[`renders correctly 1`] = `
<main
  className="pdpContent"
  role="main"
>
  <div
    className="header"
  />
  <div
    className="mainImage"
  >
    <img
      alt="Adromischus marianae F. Herrei "
      src="https://qp2dljrm.twic.pics/adromischus-herrei.jpg?twic=v1/resize=500/quality=80"
    />
  </div>
  <div
    className="product"
  >
    <h2
      className="name"
    >
      Adromischus marianae F. Herrei 
    </h2>
    <div
      className="dimension"
    >
      ⌀10
    </div>
    <div
      className="price"
    >
      38,00
       €
    </div>
    <button
      className="addToCart"
    >
      Aggiungi al carrello
    </button>
  </div>
</main>
`;
