// Jest Snapshot v1, https://goo.gl/fbAQLP

exports[`renders correctly 1`] = `
<main
  className="plpContent"
  role="main"
>
  <div
    className="pageHeader"
  >
    <div
      className="left"
    >
      <h2
        className="title"
      >
        Le nostre piante
      </h2>
      <span
        className="lastmodified"
      >
        02/04/2020
      </span>
    </div>
    <div
      className="cercapiante"
    >
      <img
        alt="Cerca piante"
        src="https://storage.googleapis.com/pungi-assets/assets/cotyl_mediop.jpg"
      />
      <div
        className="searchInput"
      >
        <span>
          Cerca piante
        </span>
        <input
          onChange={[Function]}
          onKeyPress={[Function]}
          placeholder="cerca"
          type="text"
          value=""
        />
        <button
          onClick={[Function]}
        >
          Cerca
        </button>
      </div>
    </div>
  </div>
  <div
    className="products"
  >
    <article
      className="product"
    >
      <a
        href="/pdp/2075"
        onClick={[Function]}
      >
        <div
          className="imageContainer"
        >
          <img
            alt="Adromischus marianae F. Herrei "
            className="image"
            loading="lazy"
            src="https://qp2dljrm.twic.pics/adromischus-herrei.jpg?twic=v1/cover=300x399.98999999999995/quality=100"
          />
        </div>
        <h1
          className="name"
        >
          Adromischus marianae F. Herrei 
        </h1>
        <div>
          € 
          38,00
        </div>
      </a>
      <button
        className="addToCart"
      >
        Aggiungi al carrello
      </button>
    </article>
    <article
      className="product"
    >
      <a
        href="/pdp/2075"
        onClick={[Function]}
      >
        <div
          className="imageContainer"
        >
          <img
            alt="Adromischus marianae F. Herrei "
            className="image"
            loading="lazy"
            src="https://qp2dljrm.twic.pics/adromischus-herrei.jpg?twic=v1/cover=300x399.98999999999995/quality=100"
          />
        </div>
        <h1
          className="name"
        >
          Adromischus marianae F. Herrei 
        </h1>
        <div>
          € 
          38,00
        </div>
      </a>
      <button
        className="addToCart"
      >
        Aggiungi al carrello
      </button>
    </article>
  </div>
</main>
`;
