// Jest Snapshot v1, https://goo.gl/fbAQLP

exports[`renders correctly 1`] = `
<main
  className="plpContent"
  role="main"
>
  <div
    className="pageHeader"
  >
    <div
      className="left"
    >
      <h2
        className="title"
      >
        Le nostre piante
      </h2>
    </div>
    <div
      className="cercapiante"
    >
      <img
        alt="Cerca piante"
        src="https://storage.googleapis.com/pungi-assets/assets/cotyl_mediop.jpg"
      />
      <div
        className="searchInput"
      >
        <span>
          Cerca piante
        </span>
        <input
          onChange={[Function]}
          onKeyPress={[Function]}
          placeholder="cerca"
          type="text"
          value=""
        />
        <button
          onClick={[Function]}
        >
          Cerca
        </button>
      </div>
    </div>
  </div>
  <div
    className="products"
  >
    <article
      className="product"
    >
      <a
        href="/pdp/2075"
        onClick={[Function]}
      >
        <div
          className="imageContainer"
        >
          <picture
            alt="adromischus-herrei.jpg"
            className="image"
          >
            <source
              media="(min-width: 1024px)"
              sizes="(min-width: 1024px) 25vw, (min-width: 768px) 33vw, 50vw"
              srcset="https://qp2dljrm.twic.pics/adromischus-herrei.jpg?twic=v1/cover=200x267/quality=100 200w,
            https://qp2dljrm.twic.pics/adromischus-herrei.jpg?twic=v1/cover=400x533/quality=100 400w,
            https://qp2dljrm.twic.pics/adromischus-herrei.jpg?twic=v1/cover=600x800/quality=100 600w,
            https://qp2dljrm.twic.pics/adromischus-herrei.jpg?twic=v1/cover=800x1067/quality=100 800w"
            />
            <source
              media="(min-width: 768px)"
              srcset="https://qp2dljrm.twic.pics/adromischus-herrei.jpg?twic=v1/cover=500x667/quality=100 2x"
            />
            <source
              media="(min-width: 414px)"
              srcset="https://qp2dljrm.twic.pics/adromischus-herrei.jpg?twic=v1/cover=500x667/quality=100 2x"
            />
            <img
              alt="Adromischus marianae F. Herrei "
              loading="lazy"
              src="{getImageUrlCropped(image, 200)}"
              srcset="https://qp2dljrm.twic.pics/adromischus-herrei.jpg?twic=v1/cover=400x533/quality=100 2x"
            />
          </picture>
        </div>
        <h1
          className="name"
        >
          Adromischus marianae F. Herrei 
        </h1>
        <div
          className="price"
        >
          € 
          38,00
        </div>
      </a>
      <button
        className="addToCart"
        onClick={[Function]}
      >
        Aggiungi al carrello
      </button>
    </article>
    <article
      className="product"
    >
      <a
        href="/pdp/2075"
        onClick={[Function]}
      >
        <div
          className="imageContainer"
        >
          <picture
            alt="adromischus-herrei.jpg"
            className="image"
          >
            <source
              media="(min-width: 1024px)"
              sizes="(min-width: 1024px) 25vw, (min-width: 768px) 33vw, 50vw"
              srcset="https://qp2dljrm.twic.pics/adromischus-herrei.jpg?twic=v1/cover=200x267/quality=100 200w,
            https://qp2dljrm.twic.pics/adromischus-herrei.jpg?twic=v1/cover=400x533/quality=100 400w,
            https://qp2dljrm.twic.pics/adromischus-herrei.jpg?twic=v1/cover=600x800/quality=100 600w,
            https://qp2dljrm.twic.pics/adromischus-herrei.jpg?twic=v1/cover=800x1067/quality=100 800w"
            />
            <source
              media="(min-width: 768px)"
              srcset="https://qp2dljrm.twic.pics/adromischus-herrei.jpg?twic=v1/cover=500x667/quality=100 2x"
            />
            <source
              media="(min-width: 414px)"
              srcset="https://qp2dljrm.twic.pics/adromischus-herrei.jpg?twic=v1/cover=500x667/quality=100 2x"
            />
            <img
              alt="Adromischus marianae F. Herrei "
              loading="lazy"
              src="{getImageUrlCropped(image, 200)}"
              srcset="https://qp2dljrm.twic.pics/adromischus-herrei.jpg?twic=v1/cover=400x533/quality=100 2x"
            />
          </picture>
        </div>
        <h1
          className="name"
        >
          Adromischus marianae F. Herrei 
        </h1>
        <div
          className="price"
        >
          € 
          38,00
        </div>
      </a>
      <button
        className="addToCart"
        onClick={[Function]}
      >
        Aggiungi al carrello
      </button>
    </article>
  </div>
  <div
    className="paginationBox"
  />
</main>
`;
