// Jest Snapshot v1, https://goo.gl/fbAQLP

exports[`renders correctly 1`] = `
<main
  className="plpContent"
  role="main"
>
  <div
    className="pageHeader"
  >
    <div
      className="left"
    >
      <h2
        className="title"
      >
        Le nostre piante
      </h2>
    </div>
    <div
      className="cercapiante"
    >
      <img
        alt="Cerca piante"
        src="https://storage.googleapis.com/pungi-assets/assets/cotyl_mediop.jpg"
      />
      <div
        className="searchInput"
      >
        <span>
          Cerca piante
        </span>
        <input
          onChange={[Function]}
          onKeyPress={[Function]}
          placeholder="cerca"
          type="text"
          value=""
        />
        <button
          onClick={[Function]}
        >
          Cerca
        </button>
      </div>
    </div>
  </div>
  <div
    className="products"
  >
    <article
      className="product"
    >
      <a
        href="/pdp/2075"
        onClick={[Function]}
      >
        <div
          className="imageContainer"
        >
          <img
            alt="Adromischus marianae F. Herrei "
            className="image"
            loading="lazy"
            sizes="(max-width: 768px) 50vw, (max-width: 1024px) 33vw, 25vw"
            src="https://qp2dljrm.twic.pics/adromischus-herrei.jpg?twic=v1/cover=300x400/quality=100"
            srcSet="https://qp2dljrm.twic.pics/adromischus-herrei.jpg?twic=v1/cover=200x267/quality=100 200w,
              https://qp2dljrm.twic.pics/adromischus-herrei.jpg?twic=v1/cover=256x341/quality=100 256w,
              https://qp2dljrm.twic.pics/adromischus-herrei.jpg?twic=v1/cover=450x600/quality=100 450w,
              https://qp2dljrm.twic.pics/adromischus-herrei.jpg?twic=v1/cover=650x867/quality=100 580w,
              https://qp2dljrm.twic.pics/adromischus-herrei.jpg?twic=v1/cover=650x867/quality=100 660w"
          />
        </div>
        <h1
          className="name"
        >
          Adromischus marianae F. Herrei 
        </h1>
        <div
          className="price"
        >
          € 
          38,00
        </div>
      </a>
      <button
        className="addToCart"
        onClick={[Function]}
      >
        Aggiungi al carrello
      </button>
    </article>
    <article
      className="product"
    >
      <a
        href="/pdp/2075"
        onClick={[Function]}
      >
        <div
          className="imageContainer"
        >
          <img
            alt="Adromischus marianae F. Herrei "
            className="image"
            loading="lazy"
            sizes="(max-width: 768px) 50vw, (max-width: 1024px) 33vw, 25vw"
            src="https://qp2dljrm.twic.pics/adromischus-herrei.jpg?twic=v1/cover=300x400/quality=100"
            srcSet="https://qp2dljrm.twic.pics/adromischus-herrei.jpg?twic=v1/cover=200x267/quality=100 200w,
              https://qp2dljrm.twic.pics/adromischus-herrei.jpg?twic=v1/cover=256x341/quality=100 256w,
              https://qp2dljrm.twic.pics/adromischus-herrei.jpg?twic=v1/cover=450x600/quality=100 450w,
              https://qp2dljrm.twic.pics/adromischus-herrei.jpg?twic=v1/cover=650x867/quality=100 580w,
              https://qp2dljrm.twic.pics/adromischus-herrei.jpg?twic=v1/cover=650x867/quality=100 660w"
          />
        </div>
        <h1
          className="name"
        >
          Adromischus marianae F. Herrei 
        </h1>
        <div
          className="price"
        >
          € 
          38,00
        </div>
      </a>
      <button
        className="addToCart"
        onClick={[Function]}
      >
        Aggiungi al carrello
      </button>
    </article>
  </div>
  <div
    className="paginationBox"
  />
</main>
`;
