// Jest Snapshot v1, https://goo.gl/fbAQLP

exports[`renders correctly 1`] = `
<main
  className="articleContent"
  role="main"
>
  <div
    className="pageContent"
  >
    <h2 />
    <div
      className="authorBox"
    >
      <img
        alt=""
      />
      <span />
    </div>
  </div>
</main>
`;
