// Jest Snapshot v1, https://goo.gl/fbAQLP

exports[`renders correctly 1`] = `
<div
  className="pageLayout"
>
  <header
    className="header"
  >
    <div>
      <button
        className="burger"
        onClick={[Function]}
      />
    </div>
    <div
      className="content"
    >
      <div
        className="logo"
      >
        <img
          alt="pungilandia logo"
          src="logo.png"
        />
      </div>
      <div
        className="title"
      >
        <h1 />
        <p />
      </div>
    </div>
    <div>
      <button
        className="cart"
      />
    </div>
  </header>
  <nav
    className="menu "
  >
    <div
      className="header"
    >
      <button
        className="close"
        onClick={[Function]}
      >
        chiudi il menu
      </button>
    </div>
    <ul
      className="entries"
    >
      <li>
        <a
          href="/"
          onClick={[Function]}
        >
          Chi siamo
        </a>
      </li>
      <li>
        <a
          href="/plp"
          onClick={[Function]}
        >
          Lista piante
        </a>
      </li>
      <li>
        <a
          href="/pdp"
          onClick={[Function]}
        >
          Novità
        </a>
      </li>
      <li>
        <a
          href="/test1"
          onClick={[Function]}
        >
          Prodotti speciali
        </a>
      </li>
      <li>
        <a
          href="/test2"
          onClick={[Function]}
        >
          Consigli per coltivare
        </a>
      </li>
      <li>
        <a
          href="/test3"
          onClick={[Function]}
        >
          Ordini
        </a>
      </li>
      <li>
        <a
          href="/test4"
          onClick={[Function]}
        >
          Foto-Show
        </a>
      </li>
      <li>
        <a
          href="/test5"
          onClick={[Function]}
        >
          E-mail
        </a>
      </li>
    </ul>
  </nav>
  <div
    className="overlay"
  />
  <p>
    test
  </p>
  <footer
    className="footer"
  >
    <p>
      <span
        className="copyright"
      />
       -
       
      <a
        className="privacy"
      />
       
      -
       
      <a
        className="contactus"
      />
    </p>
    <address>
      <br />
    </address>
    <p
      className="laws"
    />
  </footer>
</div>
`;
