// Jest Snapshot v1, https://goo.gl/fbAQLP

exports[`renders correctly 1`] = `
<div
  className="pageLayout"
>
  <header
    className="header"
  >
    <div>
      <button
        className="burger"
        onClick={[Function]}
      >
        apri il menu
      </button>
    </div>
    <div
      className="content"
    >
      <div
        className="logo"
      >
        <img
          alt="pungilandia logo"
          src="logo.png"
        />
      </div>
      <div
        className="title"
      >
        <h1>
          Pungilandia
        </h1>
        <p>
          Piante grasse, strane ed insolite
        </p>
      </div>
    </div>
    <div>
      <button
        className="cart"
      >
        vai al carrello
      </button>
    </div>
  </header>
  <nav
    className="menu "
  >
    <div
      className="header"
    >
      <button
        className="close"
        onClick={[Function]}
      >
        chiudi il menu
      </button>
    </div>
    <ul
      className="entries"
    >
      <li>
        <a
          href="/"
          onClick={[Function]}
        >
          Chi siamo
        </a>
      </li>
      <li>
        <a
          href="/plp"
          onClick={[Function]}
        >
          Lista piante
        </a>
      </li>
      <li>
        <a
          href="/pdp"
          onClick={[Function]}
        >
          Novità
        </a>
      </li>
      <li>
        <a
          href="/article"
          onClick={[Function]}
        >
          Prodotti speciali
        </a>
      </li>
      <li>
        <a
          href="/test2"
          onClick={[Function]}
        >
          Consigli per coltivare
        </a>
      </li>
      <li>
        <a
          href="/test3"
          onClick={[Function]}
        >
          Ordini
        </a>
      </li>
      <li>
        <a
          href="/test4"
          onClick={[Function]}
        >
          Foto-Show
        </a>
      </li>
      <li>
        <a
          href="/test5"
          onClick={[Function]}
        >
          E-mail
        </a>
      </li>
    </ul>
  </nav>
  <div
    className="overlay"
  />
  <p>
    test
  </p>
  <footer
    className="footer"
  >
    <p>
      <span
        className="copyright"
      >
        Copyright © 2020
      </span>
       -
       
      <a
        className="privacy"
        href="http://www.pungilandia.com"
      >
        privacy
      </a>
       
      -
       
      <a
        className="contactus"
        href="mailto:info@pungilandia.com"
      >
        contatti
      </a>
    </p>
    <address>
      Azienda Agricola Pungilandia Rocchi Domenico
      <br />
      Via Isonzo 11, 65123 Pescara P.IVA 01203140684 CF RCCDNC59R30I712B
Iscrizione REA Pescara Nr.97422
    </address>
    <p
      className="laws"
    >
      Azienda in possesso Registro di Detenzione di Specie Vegetali Incluse
Negli Allegati CITES A e B del Regolamento (CE) 338/97 del Consiglio del 9
Dicembre 1996 e Successive Modifiche e Attuazioni. Registro N.000001/2001
VAB
    </p>
  </footer>
</div>
`;
