// Jest Snapshot v1, https://goo.gl/fbAQLP

exports[`renders correctly 1`] = `
<main
  classNameName="pdpContent"
  role="main"
>
  <div
    className="header"
  />
  <div
    className="mainImage"
  >
    <img
      alt="Adromischus  clavifolius"
      src="http://www.pungilandia.com/php/images/hi/adromischus-clavifolius.jpg"
    />
  </div>
  <div
    className="productInfo"
  >
    <h2
      className="name"
    >
      Adromischus clavifolius
    </h2>
    <div
      className="dimension"
    >
      Vaso 24cm
    </div>
    <div
      className="price"
    >
      Prezzo: € 9,00
    </div>
    <button
      className="addtoCart"
    />
  </div>
</main>
`;
