// Jest Snapshot v1, https://goo.gl/fbAQLP

exports[`renders correctly 1`] = `
<header
  className="header"
>
  <div>
    <button
      className="burger"
      onClick={[Function]}
    >
      apri il menu
    </button>
  </div>
  <div
    className="content"
  >
    <div
      className="logo"
    >
      <img
        alt="pungilandia logo"
        src="logo.png"
      />
    </div>
    <div
      className="title"
    >
      <h1>
        Pungilandia
      </h1>
      <p>
        Piante grasse, strane ed insolite
      </p>
    </div>
  </div>
  <div>
    <button
      className="cart"
    >
      vai al carrello
    </button>
  </div>
</header>
`;
